// Jest Snapshot v1, https://goo.gl/fbAQLP

exports[`passes the right args to the hyper functions 1`] = `
Object {
  "dslType": "run",
  "installation": Object {
    "iID": 23511,
    "settings": Object {},
  },
  "paths": Array [
    "danger/peril-settings@testing/async_import.ts",
  ],
  "payload": Object {
    "dsl": Object {
      "github": Object {
        "action": "created",
        "api": Object {
          "activity": Object {
            "checkStarringRepo": [Function],
            "deleteRepoSubscription": [Function],
            "deleteThreadSubscription": [Function],
            "getRepoSubscription": [Function],
            "getThread": [Function],
            "getThreadSubscription": [Function],
            "listEventsForOrg": [Function],
            "listEventsForUser": [Function],
            "listFeeds": [Function],
            "listNotifications": [Function],
            "listNotificationsForRepo": [Function],
            "listPublicEvents": [Function],
            "listPublicEventsForOrg": [Function],
            "listPublicEventsForRepoNetwork": [Function],
            "listPublicEventsForUser": [Function],
            "listReceivedEventsForUser": [Function],
            "listReceivedPublicEventsForUser": [Function],
            "listRepoEvents": [Function],
            "listReposStarredByAuthenticatedUser": [Function],
            "listReposStarredByUser": [Function],
            "listReposWatchedByUser": [Function],
            "listStargazersForRepo": [Function],
            "listWatchedReposForAuthenticatedUser": [Function],
            "listWatchersForRepo": [Function],
            "markAsRead": [Function],
            "markNotificationsAsReadForRepo": [Function],
            "markThreadAsRead": [Function],
            "setRepoSubscription": [Function],
            "setThreadSubscription": [Function],
            "starRepo": [Function],
            "unstarRepo": [Function],
          },
          "apps": Object {
            "addRepoToInstallation": [Function],
            "checkAccountIsAssociatedWithAny": [Function],
            "checkAccountIsAssociatedWithAnyStubbed": [Function],
            "createContentAttachment": [Function],
            "createFromManifest": [Function],
            "createInstallationToken": [Function],
            "findOrgInstallation": [Function],
            "findRepoInstallation": [Function],
            "findUserInstallation": [Function],
            "getAuthenticated": [Function],
            "getBySlug": [Function],
            "getInstallation": [Function],
            "listAccountsUserOrOrgOnPlan": [Function],
            "listAccountsUserOrOrgOnPlanStubbed": [Function],
            "listInstallationReposForAuthenticatedUser": [Function],
            "listInstallations": [Function],
            "listInstallationsForAuthenticatedUser": [Function],
            "listMarketplacePurchasesForAuthenticatedUser": [Function],
            "listMarketplacePurchasesForAuthenticatedUserStubbed": [Function],
            "listPlans": [Function],
            "listPlansStubbed": [Function],
            "listRepos": [Function],
            "removeRepoFromInstallation": [Function],
          },
          "authenticate": [Function],
          "authorization": Object {
            "checkAuthorization": [Function],
            "createAuthorization": [Function],
            "deleteAuthorization": [Function],
            "deleteGrant": [Function],
            "getAuthorization": [Function],
            "getGrant": [Function],
            "getOrCreateAuthorizationForApp": [Function],
            "getOrCreateAuthorizationForAppAndFingerprint": [Function],
            "getOrCreateAuthorizationForAppFingerprint": [Function],
            "listAuthorizations": [Function],
            "listGrants": [Function],
            "resetAuthorization": [Function],
            "revokeAuthorizationForApplication": [Function],
            "revokeGrantForApplication": [Function],
            "updateAuthorization": [Function],
          },
          "checks": Object {
            "create": [Function],
            "createSuite": [Function],
            "get": [Function],
            "getSuite": [Function],
            "listAnnotations": [Function],
            "listForRef": [Function],
            "listForSuite": [Function],
            "listSuitesForRef": [Function],
            "rerequestSuite": [Function],
            "setSuitesPreferences": [Function],
            "update": [Function],
          },
          "codesOfConduct": Object {
            "getConductCode": [Function],
            "getForRepo": [Function],
            "listConductCodes": [Function],
          },
          "emojis": Object {
            "get": [Function],
          },
          "getFirstPage": [Function],
          "getLastPage": [Function],
          "getNextPage": [Function],
          "getPreviousPage": [Function],
          "gists": Object {
            "checkIsStarred": [Function],
            "create": [Function],
            "createComment": [Function],
            "delete": [Function],
            "deleteComment": [Function],
            "fork": [Function],
            "get": [Function],
            "getComment": [Function],
            "getRevision": [Function],
            "list": [Function],
            "listComments": [Function],
            "listCommits": [Function],
            "listForks": [Function],
            "listPublic": [Function],
            "listPublicForUser": [Function],
            "listStarred": [Function],
            "star": [Function],
            "unstar": [Function],
            "update": [Function],
            "updateComment": [Function],
          },
          "git": Object {
            "createBlob": [Function],
            "createCommit": [Function],
            "createRef": [Function],
            "createTag": [Function],
            "createTree": [Function],
            "deleteRef": [Function],
            "getBlob": [Function],
            "getCommit": [Function],
            "getRef": [Function],
            "getTag": [Function],
            "getTree": [Function],
            "listRefs": [Function],
            "updateRef": [Function],
          },
          "gitdata": Object {
            "createBlob": [Function],
            "createCommit": [Function],
            "createRef": [Function],
            "createTag": [Function],
            "createTree": [Function],
            "deleteRef": [Function],
            "getBlob": [Function],
            "getCommit": [Function],
            "getRef": [Function],
            "getTag": [Function],
            "getTree": [Function],
            "listRefs": [Function],
            "updateRef": [Function],
          },
          "gitignore": Object {
            "getTemplate": [Function],
            "listTemplates": [Function],
          },
          "hasFirstPage": [Function],
          "hasLastPage": [Function],
          "hasNextPage": [Function],
          "hasPreviousPage": [Function],
          "hook": [Function],
          "interactions": Object {
            "addOrUpdateRestrictionsForOrg": [Function],
            "addOrUpdateRestrictionsForRepo": [Function],
            "getRestrictionsForOrg": [Function],
            "getRestrictionsForRepo": [Function],
            "removeRestrictionsForOrg": [Function],
            "removeRestrictionsForRepo": [Function],
          },
          "issues": Object {
            "addAssignees": [Function],
            "addLabels": [Function],
            "checkAssignee": [Function],
            "create": [Function],
            "createComment": [Function],
            "createLabel": [Function],
            "createMilestone": [Function],
            "deleteComment": [Function],
            "deleteLabel": [Function],
            "deleteMilestone": [Function],
            "get": [Function],
            "getComment": [Function],
            "getEvent": [Function],
            "getLabel": [Function],
            "getMilestone": [Function],
            "list": [Function],
            "listAssignees": [Function],
            "listComments": [Function],
            "listCommentsForRepo": [Function],
            "listEvents": [Function],
            "listEventsForRepo": [Function],
            "listEventsForTimeline": [Function],
            "listForAuthenticatedUser": [Function],
            "listForOrg": [Function],
            "listForRepo": [Function],
            "listLabelsForMilestone": [Function],
            "listLabelsForRepo": [Function],
            "listLabelsOnIssue": [Function],
            "listMilestonesForRepo": [Function],
            "lock": [Function],
            "removeAssignees": [Function],
            "removeLabel": [Function],
            "removeLabels": [Function],
            "replaceLabels": [Function],
            "unlock": [Function],
            "update": [Function],
            "updateComment": [Function],
            "updateLabel": [Function],
            "updateMilestone": [Function],
          },
          "licenses": Object {
            "get": [Function],
            "getForRepo": [Function],
            "list": [Function],
            "listCommonlyUsed": [Function],
          },
          "log": Object {
            "debug": [Function],
            "error": [Function],
            "info": [Function],
            "warn": [Function],
          },
          "markdown": Object {
            "render": [Function],
            "renderRaw": [Function],
          },
          "meta": Object {
            "get": [Function],
          },
          "migrations": Object {
            "cancelImport": [Function],
            "deleteArchiveForAuthenticatedUser": [Function],
            "deleteArchiveForOrg": [Function],
            "getArchiveForAuthenticatedUser": [Function],
            "getArchiveForOrg": [Function],
            "getCommitAuthors": [Function],
            "getImportProgress": [Function],
            "getLargeFiles": [Function],
            "getStatusForAuthenticatedUser": [Function],
            "getStatusForOrg": [Function],
            "listForAuthenticatedUser": [Function],
            "listForOrg": [Function],
            "mapCommitAuthor": [Function],
            "setLfsPreference": [Function],
            "startForAuthenticatedUser": [Function],
            "startForOrg": [Function],
            "startImport": [Function],
            "unlockRepoForAuthenticatedUser": [Function],
            "unlockRepoForOrg": [Function],
            "updateImport": [Function],
          },
          "oauthAuthorizations": Object {
            "checkAuthorization": [Function],
            "createAuthorization": [Function],
            "deleteAuthorization": [Function],
            "deleteGrant": [Function],
            "getAuthorization": [Function],
            "getGrant": [Function],
            "getOrCreateAuthorizationForApp": [Function],
            "getOrCreateAuthorizationForAppAndFingerprint": [Function],
            "getOrCreateAuthorizationForAppFingerprint": [Function],
            "listAuthorizations": [Function],
            "listGrants": [Function],
            "resetAuthorization": [Function],
            "revokeAuthorizationForApplication": [Function],
            "revokeGrantForApplication": [Function],
            "updateAuthorization": [Function],
          },
          "orgs": Object {
            "addOrUpdateMembership": [Function],
            "blockUser": [Function],
            "checkBlockedUser": [Function],
            "checkMembership": [Function],
            "checkPublicMembership": [Function],
            "concealMembership": [Function],
            "convertMemberToOutsideCollaborator": [Function],
            "createHook": [Function],
            "createInvitation": [Function],
            "deleteHook": [Function],
            "get": [Function],
            "getHook": [Function],
            "getMembership": [Function],
            "getMembershipForAuthenticatedUser": [Function],
            "list": [Function],
            "listBlockedUsers": [Function],
            "listForAuthenticatedUser": [Function],
            "listForUser": [Function],
            "listHooks": [Function],
            "listInvitationTeams": [Function],
            "listMembers": [Function],
            "listMemberships": [Function],
            "listOutsideCollaborators": [Function],
            "listPendingInvitations": [Function],
            "listPublicMembers": [Function],
            "pingHook": [Function],
            "publicizeMembership": [Function],
            "removeMember": [Function],
            "removeMembership": [Function],
            "removeOutsideCollaborator": [Function],
            "unblockUser": [Function],
            "update": [Function],
            "updateHook": [Function],
            "updateMembership": [Function],
          },
          "paginate": [Function],
          "projects": Object {
            "addCollaborator": [Function],
            "createCard": [Function],
            "createColumn": [Function],
            "createForAuthenticatedUser": [Function],
            "createForOrg": [Function],
            "createForRepo": [Function],
            "delete": [Function],
            "deleteCard": [Function],
            "deleteColumn": [Function],
            "get": [Function],
            "getCard": [Function],
            "getColumn": [Function],
            "listCards": [Function],
            "listCollaborators": [Function],
            "listColumns": [Function],
            "listForOrg": [Function],
            "listForRepo": [Function],
            "listForUser": [Function],
            "moveCard": [Function],
            "moveColumn": [Function],
            "removeCollaborator": [Function],
            "reviewUserPermissionLevel": [Function],
            "update": [Function],
            "updateCard": [Function],
            "updateColumn": [Function],
          },
          "pullRequests": Object {
            "checkIfMerged": [Function],
            "create": [Function],
            "createComment": [Function],
            "createCommentReply": [Function],
            "createFromIssue": [Function],
            "createReview": [Function],
            "createReviewRequest": [Function],
            "deleteComment": [Function],
            "deletePendingReview": [Function],
            "deleteReviewRequest": [Function],
            "dismissReview": [Function],
            "get": [Function],
            "getComment": [Function],
            "getCommentsForReview": [Function],
            "getReview": [Function],
            "list": [Function],
            "listComments": [Function],
            "listCommentsForRepo": [Function],
            "listCommits": [Function],
            "listFiles": [Function],
            "listReviewRequests": [Function],
            "listReviews": [Function],
            "merge": [Function],
            "submitReview": [Function],
            "update": [Function],
            "updateComment": [Function],
            "updateReview": [Function],
          },
          "pulls": Object {
            "checkIfMerged": [Function],
            "create": [Function],
            "createComment": [Function],
            "createCommentReply": [Function],
            "createFromIssue": [Function],
            "createReview": [Function],
            "createReviewRequest": [Function],
            "deleteComment": [Function],
            "deletePendingReview": [Function],
            "deleteReviewRequest": [Function],
            "dismissReview": [Function],
            "get": [Function],
            "getComment": [Function],
            "getCommentsForReview": [Function],
            "getReview": [Function],
            "list": [Function],
            "listComments": [Function],
            "listCommentsForRepo": [Function],
            "listCommits": [Function],
            "listFiles": [Function],
            "listReviewRequests": [Function],
            "listReviews": [Function],
            "merge": [Function],
            "submitReview": [Function],
            "update": [Function],
            "updateComment": [Function],
            "updateReview": [Function],
          },
          "rateLimit": Object {
            "get": [Function],
          },
          "reactions": Object {
            "createForCommitComment": [Function],
            "createForIssue": [Function],
            "createForIssueComment": [Function],
            "createForPullRequestReviewComment": [Function],
            "createForTeamDiscussion": [Function],
            "createForTeamDiscussionComment": [Function],
            "delete": [Function],
            "listForCommitComment": [Function],
            "listForIssue": [Function],
            "listForIssueComment": [Function],
            "listForPullRequestReviewComment": [Function],
            "listForTeamDiscussion": [Function],
            "listForTeamDiscussionComment": [Function],
          },
          "registerEndpoints": [Function],
          "repos": Object {
            "acceptInvitation": [Function],
            "addCollaborator": [Function],
            "addDeployKey": [Function],
            "addProtectedBranchAdminEnforcement": [Function],
            "addProtectedBranchRequiredSignatures": [Function],
            "addProtectedBranchRequiredStatusChecksContexts": [Function],
            "addProtectedBranchTeamRestrictions": [Function],
            "addProtectedBranchUserRestrictions": [Function],
            "checkCollaborator": [Function],
            "compareCommits": [Function],
            "createCommitComment": [Function],
            "createDeployment": [Function],
            "createDeploymentStatus": [Function],
            "createFile": [Function],
            "createForAuthenticatedUser": [Function],
            "createFork": [Function],
            "createHook": [Function],
            "createInOrg": [Function],
            "createRelease": [Function],
            "createStatus": [Function],
            "declineInvitation": [Function],
            "delete": [Function],
            "deleteCommitComment": [Function],
            "deleteDownload": [Function],
            "deleteFile": [Function],
            "deleteHook": [Function],
            "deleteInvitation": [Function],
            "deleteRelease": [Function],
            "deleteReleaseAsset": [Function],
            "disablePagesSite": [Function],
            "enablePagesSite": [Function],
            "get": [Function],
            "getArchiveLink": [Function],
            "getBranch": [Function],
            "getBranchProtection": [Function],
            "getClones": [Function],
            "getCodeFrequencyStats": [Function],
            "getCollaboratorPermissionLevel": [Function],
            "getCombinedStatusForRef": [Function],
            "getCommit": [Function],
            "getCommitActivityStats": [Function],
            "getCommitComment": [Function],
            "getCommitRefSha": [Function],
            "getContents": [Function],
            "getContributorsStats": [Function],
            "getDeployKey": [Function],
            "getDeployment": [Function],
            "getDeploymentStatus": [Function],
            "getDownload": [Function],
            "getHook": [Function],
            "getLatestPagesBuild": [Function],
            "getLatestRelease": [Function],
            "getPages": [Function],
            "getPagesBuild": [Function],
            "getParticipationStats": [Function],
            "getProtectedBranchAdminEnforcement": [Function],
            "getProtectedBranchPullRequestReviewEnforcement": [Function],
            "getProtectedBranchRequiredSignatures": [Function],
            "getProtectedBranchRequiredStatusChecks": [Function],
            "getProtectedBranchRestrictions": [Function],
            "getPunchCardStats": [Function],
            "getReadme": [Function],
            "getRelease": [Function],
            "getReleaseAsset": [Function],
            "getReleaseByTag": [Function],
            "getTopPaths": [Function],
            "getTopReferrers": [Function],
            "getViews": [Function],
            "list": [Function],
            "listAssetsForRelease": [Function],
            "listBranches": [Function],
            "listCollaborators": [Function],
            "listCommentsForCommit": [Function],
            "listCommitComments": [Function],
            "listCommits": [Function],
            "listContributors": [Function],
            "listDeployKeys": [Function],
            "listDeploymentStatuses": [Function],
            "listDeployments": [Function],
            "listDownloads": [Function],
            "listForOrg": [Function],
            "listForUser": [Function],
            "listForks": [Function],
            "listHooks": [Function],
            "listInvitations": [Function],
            "listInvitationsForAuthenticatedUser": [Function],
            "listLanguages": [Function],
            "listPagesBuilds": [Function],
            "listProtectedBranchRequiredStatusChecksContexts": [Function],
            "listProtectedBranchTeamRestrictions": [Function],
            "listProtectedBranchUserRestrictions": [Function],
            "listPublic": [Function],
            "listReleases": [Function],
            "listStatusesForRef": [Function],
            "listTags": [Function],
            "listTeams": [Function],
            "listTopics": [Function],
            "merge": [Function],
            "pingHook": [Function],
            "removeBranchProtection": [Function],
            "removeCollaborator": [Function],
            "removeDeployKey": [Function],
            "removeProtectedBranchAdminEnforcement": [Function],
            "removeProtectedBranchPullRequestReviewEnforcement": [Function],
            "removeProtectedBranchRequiredSignatures": [Function],
            "removeProtectedBranchRequiredStatusChecks": [Function],
            "removeProtectedBranchRequiredStatusChecksContexts": [Function],
            "removeProtectedBranchRestrictions": [Function],
            "removeProtectedBranchTeamRestrictions": [Function],
            "removeProtectedBranchUserRestrictions": [Function],
            "replaceProtectedBranchRequiredStatusChecksContexts": [Function],
            "replaceProtectedBranchTeamRestrictions": [Function],
            "replaceProtectedBranchUserRestrictions": [Function],
            "replaceTopics": [Function],
            "requestPageBuild": [Function],
            "retrieveCommunityProfileMetrics": [Function],
            "testPushHook": [Function],
            "transfer": [Function],
            "update": [Function],
            "updateBranchProtection": [Function],
            "updateCommitComment": [Function],
            "updateFile": [Function],
            "updateHook": [Function],
            "updateInformationAboutPagesSite": [Function],
            "updateInvitation": [Function],
            "updateProtectedBranchPullRequestReviewEnforcement": [Function],
            "updateProtectedBranchRequiredStatusChecks": [Function],
            "updateRelease": [Function],
            "updateReleaseAsset": [Function],
            "uploadReleaseAsset": [Function],
          },
          "request": [Function],
          "search": Object {
            "code": [Function],
            "commits": [Function],
            "issues": [Function],
            "issuesAndPullRequests": [Function],
            "labels": [Function],
            "repos": [Function],
            "topics": [Function],
            "users": [Function],
          },
          "teams": Object {
            "addMember": [Function],
            "addOrUpdateMembership": [Function],
            "addOrUpdateProject": [Function],
            "addOrUpdateRepo": [Function],
            "checkManagesRepo": [Function],
            "create": [Function],
            "createDiscussion": [Function],
            "createDiscussionComment": [Function],
            "delete": [Function],
            "deleteDiscussion": [Function],
            "deleteDiscussionComment": [Function],
            "get": [Function],
            "getByName": [Function],
            "getDiscussion": [Function],
            "getDiscussionComment": [Function],
            "getMember": [Function],
            "getMembership": [Function],
            "list": [Function],
            "listChild": [Function],
            "listDiscussionComments": [Function],
            "listDiscussions": [Function],
            "listForAuthenticatedUser": [Function],
            "listMembers": [Function],
            "listPendingInvitations": [Function],
            "listProjects": [Function],
            "listRepos": [Function],
            "removeMember": [Function],
            "removeMembership": [Function],
            "removeProject": [Function],
            "removeRepo": [Function],
            "reviewProject": [Function],
            "update": [Function],
            "updateDiscussion": [Function],
            "updateDiscussionComment": [Function],
          },
          "users": Object {
            "addEmails": [Function],
            "block": [Function],
            "checkBlocked": [Function],
            "checkFollowing": [Function],
            "checkFollowingForUser": [Function],
            "createGpgKey": [Function],
            "createPublicKey": [Function],
            "deleteEmails": [Function],
            "deleteGpgKey": [Function],
            "deletePublicKey": [Function],
            "follow": [Function],
            "getAuthenticated": [Function],
            "getByUsername": [Function],
            "getContextForUser": [Function],
            "getGpgKey": [Function],
            "getPublicKey": [Function],
            "list": [Function],
            "listBlocked": [Function],
            "listEmails": [Function],
            "listFollowersForAuthenticatedUser": [Function],
            "listFollowersForUser": [Function],
            "listFollowingForAuthenticatedUser": [Function],
            "listFollowingForUser": [Function],
            "listGpgKeys": [Function],
            "listGpgKeysForUser": [Function],
            "listPublicEmails": [Function],
            "listPublicKeys": [Function],
            "listPublicKeysForUser": [Function],
            "togglePrimaryEmailVisibility": [Function],
            "unblock": [Function],
            "unfollow": [Function],
            "updateAuthenticated": [Function],
          },
        },
        "comment": Object {
          "body": "@mennenia Cool, sounds good",
          "created_at": "2017-06-30T17:20:55Z",
          "html_url": "https://github.com/artsy/emission/pull/631#issuecomment-312325112",
          "id": 312325112,
          "issue_url": "https://api.github.com/repos/artsy/emission/issues/631",
          "updated_at": "2017-06-30T17:20:55Z",
          "url": "https://api.github.com/repos/artsy/emission/issues/comments/312325112",
          "user": Object {
            "avatar_url": "https://avatars3.githubusercontent.com/u/296775?v=3",
            "events_url": "https://api.github.com/users/l2succes/events{/privacy}",
            "followers_url": "https://api.github.com/users/l2succes/followers",
            "following_url": "https://api.github.com/users/l2succes/following{/other_user}",
            "gists_url": "https://api.github.com/users/l2succes/gists{/gist_id}",
            "gravatar_id": "",
            "html_url": "https://github.com/l2succes",
            "id": 296775,
            "login": "l2succes",
            "organizations_url": "https://api.github.com/users/l2succes/orgs",
            "received_events_url": "https://api.github.com/users/l2succes/received_events",
            "repos_url": "https://api.github.com/users/l2succes/repos",
            "site_admin": false,
            "starred_url": "https://api.github.com/users/l2succes/starred{/owner}{/repo}",
            "subscriptions_url": "https://api.github.com/users/l2succes/subscriptions",
            "type": "User",
            "url": "https://api.github.com/users/l2succes",
          },
        },
        "installation": Object {
          "id": 23511,
        },
        "issue": Object {
          "assignee": Object {
            "avatar_url": "https://avatars3.githubusercontent.com/u/373860?v=3",
            "events_url": "https://api.github.com/users/mennenia/events{/privacy}",
            "followers_url": "https://api.github.com/users/mennenia/followers",
            "following_url": "https://api.github.com/users/mennenia/following{/other_user}",
            "gists_url": "https://api.github.com/users/mennenia/gists{/gist_id}",
            "gravatar_id": "",
            "html_url": "https://github.com/mennenia",
            "id": 373860,
            "login": "mennenia",
            "organizations_url": "https://api.github.com/users/mennenia/orgs",
            "received_events_url": "https://api.github.com/users/mennenia/received_events",
            "repos_url": "https://api.github.com/users/mennenia/repos",
            "site_admin": false,
            "starred_url": "https://api.github.com/users/mennenia/starred{/owner}{/repo}",
            "subscriptions_url": "https://api.github.com/users/mennenia/subscriptions",
            "type": "User",
            "url": "https://api.github.com/users/mennenia",
          },
          "assignees": Array [
            Object {
              "avatar_url": "https://avatars3.githubusercontent.com/u/373860?v=3",
              "events_url": "https://api.github.com/users/mennenia/events{/privacy}",
              "followers_url": "https://api.github.com/users/mennenia/followers",
              "following_url": "https://api.github.com/users/mennenia/following{/other_user}",
              "gists_url": "https://api.github.com/users/mennenia/gists{/gist_id}",
              "gravatar_id": "",
              "html_url": "https://github.com/mennenia",
              "id": 373860,
              "login": "mennenia",
              "organizations_url": "https://api.github.com/users/mennenia/orgs",
              "received_events_url": "https://api.github.com/users/mennenia/received_events",
              "repos_url": "https://api.github.com/users/mennenia/repos",
              "site_admin": false,
              "starred_url": "https://api.github.com/users/mennenia/starred{/owner}{/repo}",
              "subscriptions_url": "https://api.github.com/users/mennenia/subscriptions",
              "type": "User",
              "url": "https://api.github.com/users/mennenia",
            },
          ],
          "body": "This PR adds Pull to refresh support to the (Inbox) Active Bids + Messages view. It also fixes pagination.

Skip New Tests",
          "closed_at": null,
          "comments": 1,
          "comments_url": "https://api.github.com/repos/artsy/emission/issues/631/comments",
          "created_at": "2017-06-24T14:15:33Z",
          "events_url": "https://api.github.com/repos/artsy/emission/issues/631/events",
          "html_url": "https://github.com/artsy/emission/pull/631",
          "id": 238319730,
          "labels": Array [],
          "labels_url": "https://api.github.com/repos/artsy/emission/issues/631/labels{/name}",
          "locked": false,
          "milestone": null,
          "number": 631,
          "pull_request": Object {
            "diff_url": "https://github.com/artsy/emission/pull/631.diff",
            "html_url": "https://github.com/artsy/emission/pull/631",
            "patch_url": "https://github.com/artsy/emission/pull/631.patch",
            "url": "https://api.github.com/repos/artsy/emission/pulls/631",
          },
          "repository_url": "https://api.github.com/repos/artsy/emission",
          "state": "open",
          "title": "[MSG] Inbox pull to refresh & pagination",
          "updated_at": "2017-06-30T17:20:55Z",
          "url": "https://api.github.com/repos/artsy/emission/issues/631",
          "user": Object {
            "avatar_url": "https://avatars3.githubusercontent.com/u/296775?v=3",
            "events_url": "https://api.github.com/users/l2succes/events{/privacy}",
            "followers_url": "https://api.github.com/users/l2succes/followers",
            "following_url": "https://api.github.com/users/l2succes/following{/other_user}",
            "gists_url": "https://api.github.com/users/l2succes/gists{/gist_id}",
            "gravatar_id": "",
            "html_url": "https://github.com/l2succes",
            "id": 296775,
            "login": "l2succes",
            "organizations_url": "https://api.github.com/users/l2succes/orgs",
            "received_events_url": "https://api.github.com/users/l2succes/received_events",
            "repos_url": "https://api.github.com/users/l2succes/repos",
            "site_admin": false,
            "starred_url": "https://api.github.com/users/l2succes/starred{/owner}{/repo}",
            "subscriptions_url": "https://api.github.com/users/l2succes/subscriptions",
            "type": "User",
            "url": "https://api.github.com/users/l2succes",
          },
        },
        "organization": Object {
          "avatar_url": "https://avatars0.githubusercontent.com/u/546231?v=3",
          "description": "Artsy.net Team",
          "events_url": "https://api.github.com/orgs/artsy/events",
          "hooks_url": "https://api.github.com/orgs/artsy/hooks",
          "id": 546231,
          "issues_url": "https://api.github.com/orgs/artsy/issues",
          "login": "artsy",
          "members_url": "https://api.github.com/orgs/artsy/members{/member}",
          "public_members_url": "https://api.github.com/orgs/artsy/public_members{/member}",
          "repos_url": "https://api.github.com/orgs/artsy/repos",
          "url": "https://api.github.com/orgs/artsy",
        },
        "repository": Object {
          "archive_url": "https://api.github.com/repos/artsy/emission/{archive_format}{/ref}",
          "assignees_url": "https://api.github.com/repos/artsy/emission/assignees{/user}",
          "blobs_url": "https://api.github.com/repos/artsy/emission/git/blobs{/sha}",
          "branches_url": "https://api.github.com/repos/artsy/emission/branches{/branch}",
          "clone_url": "https://github.com/artsy/emission.git",
          "collaborators_url": "https://api.github.com/repos/artsy/emission/collaborators{/collaborator}",
          "comments_url": "https://api.github.com/repos/artsy/emission/comments{/number}",
          "commits_url": "https://api.github.com/repos/artsy/emission/commits{/sha}",
          "compare_url": "https://api.github.com/repos/artsy/emission/compare/{base}...{head}",
          "contents_url": "https://api.github.com/repos/artsy/emission/contents/{+path}",
          "contributors_url": "https://api.github.com/repos/artsy/emission/contributors",
          "created_at": "2016-02-24T11:36:24Z",
          "default_branch": "master",
          "deployments_url": "https://api.github.com/repos/artsy/emission/deployments",
          "description": "React Native Components",
          "downloads_url": "https://api.github.com/repos/artsy/emission/downloads",
          "events_url": "https://api.github.com/repos/artsy/emission/events",
          "fork": false,
          "forks": 25,
          "forks_count": 25,
          "forks_url": "https://api.github.com/repos/artsy/emission/forks",
          "full_name": "artsy/emission",
          "git_commits_url": "https://api.github.com/repos/artsy/emission/git/commits{/sha}",
          "git_refs_url": "https://api.github.com/repos/artsy/emission/git/refs{/sha}",
          "git_tags_url": "https://api.github.com/repos/artsy/emission/git/tags{/sha}",
          "git_url": "git://github.com/artsy/emission.git",
          "has_downloads": true,
          "has_issues": true,
          "has_pages": false,
          "has_projects": false,
          "has_wiki": false,
          "homepage": null,
          "hooks_url": "https://api.github.com/repos/artsy/emission/hooks",
          "html_url": "https://github.com/artsy/emission",
          "id": 52437732,
          "issue_comment_url": "https://api.github.com/repos/artsy/emission/issues/comments{/number}",
          "issue_events_url": "https://api.github.com/repos/artsy/emission/issues/events{/number}",
          "issues_url": "https://api.github.com/repos/artsy/emission/issues{/number}",
          "keys_url": "https://api.github.com/repos/artsy/emission/keys{/key_id}",
          "labels_url": "https://api.github.com/repos/artsy/emission/labels{/name}",
          "language": "TypeScript",
          "languages_url": "https://api.github.com/repos/artsy/emission/languages",
          "merges_url": "https://api.github.com/repos/artsy/emission/merges",
          "milestones_url": "https://api.github.com/repos/artsy/emission/milestones{/number}",
          "mirror_url": null,
          "name": "emission",
          "notifications_url": "https://api.github.com/repos/artsy/emission/notifications{?since,all,participating}",
          "open_issues": 70,
          "open_issues_count": 70,
          "owner": Object {
            "avatar_url": "https://avatars0.githubusercontent.com/u/546231?v=3",
            "events_url": "https://api.github.com/users/artsy/events{/privacy}",
            "followers_url": "https://api.github.com/users/artsy/followers",
            "following_url": "https://api.github.com/users/artsy/following{/other_user}",
            "gists_url": "https://api.github.com/users/artsy/gists{/gist_id}",
            "gravatar_id": "",
            "html_url": "https://github.com/artsy",
            "id": 546231,
            "login": "artsy",
            "organizations_url": "https://api.github.com/users/artsy/orgs",
            "received_events_url": "https://api.github.com/users/artsy/received_events",
            "repos_url": "https://api.github.com/users/artsy/repos",
            "site_admin": false,
            "starred_url": "https://api.github.com/users/artsy/starred{/owner}{/repo}",
            "subscriptions_url": "https://api.github.com/users/artsy/subscriptions",
            "type": "Organization",
            "url": "https://api.github.com/users/artsy",
          },
          "private": false,
          "pulls_url": "https://api.github.com/repos/artsy/emission/pulls{/number}",
          "pushed_at": "2017-06-30T17:20:18Z",
          "releases_url": "https://api.github.com/repos/artsy/emission/releases{/id}",
          "size": 10179,
          "ssh_url": "git@github.com:artsy/emission.git",
          "stargazers_count": 223,
          "stargazers_url": "https://api.github.com/repos/artsy/emission/stargazers",
          "statuses_url": "https://api.github.com/repos/artsy/emission/statuses/{sha}",
          "subscribers_url": "https://api.github.com/repos/artsy/emission/subscribers",
          "subscription_url": "https://api.github.com/repos/artsy/emission/subscription",
          "svn_url": "https://github.com/artsy/emission",
          "tags_url": "https://api.github.com/repos/artsy/emission/tags",
          "teams_url": "https://api.github.com/repos/artsy/emission/teams",
          "trees_url": "https://api.github.com/repos/artsy/emission/git/trees{/sha}",
          "updated_at": "2017-06-30T12:52:37Z",
          "url": "https://api.github.com/repos/artsy/emission",
          "watchers": 223,
          "watchers_count": 223,
        },
        "sender": Object {
          "avatar_url": "https://avatars3.githubusercontent.com/u/296775?v=3",
          "events_url": "https://api.github.com/users/l2succes/events{/privacy}",
          "followers_url": "https://api.github.com/users/l2succes/followers",
          "following_url": "https://api.github.com/users/l2succes/following{/other_user}",
          "gists_url": "https://api.github.com/users/l2succes/gists{/gist_id}",
          "gravatar_id": "",
          "html_url": "https://github.com/l2succes",
          "id": 296775,
          "login": "l2succes",
          "organizations_url": "https://api.github.com/users/l2succes/orgs",
          "received_events_url": "https://api.github.com/users/l2succes/received_events",
          "repos_url": "https://api.github.com/users/l2succes/repos",
          "site_admin": false,
          "starred_url": "https://api.github.com/users/l2succes/starred{/owner}{/repo}",
          "subscriptions_url": "https://api.github.com/users/l2succes/subscriptions",
          "type": "User",
          "url": "https://api.github.com/users/l2succes",
        },
      },
      "settings": Object {
        "cliArgs": Object {},
        "github": Object {
          "accessToken": "12345",
          "additionalHeaders": Object {
            "Accept": "application/vnd.github.machine-man-preview+json",
          },
          "baseURL": undefined,
        },
      },
    },
    "webhook": Object {
      "action": "created",
      "comment": Object {
        "body": "@mennenia Cool, sounds good",
        "created_at": "2017-06-30T17:20:55Z",
        "html_url": "https://github.com/artsy/emission/pull/631#issuecomment-312325112",
        "id": 312325112,
        "issue_url": "https://api.github.com/repos/artsy/emission/issues/631",
        "updated_at": "2017-06-30T17:20:55Z",
        "url": "https://api.github.com/repos/artsy/emission/issues/comments/312325112",
        "user": Object {
          "avatar_url": "https://avatars3.githubusercontent.com/u/296775?v=3",
          "events_url": "https://api.github.com/users/l2succes/events{/privacy}",
          "followers_url": "https://api.github.com/users/l2succes/followers",
          "following_url": "https://api.github.com/users/l2succes/following{/other_user}",
          "gists_url": "https://api.github.com/users/l2succes/gists{/gist_id}",
          "gravatar_id": "",
          "html_url": "https://github.com/l2succes",
          "id": 296775,
          "login": "l2succes",
          "organizations_url": "https://api.github.com/users/l2succes/orgs",
          "received_events_url": "https://api.github.com/users/l2succes/received_events",
          "repos_url": "https://api.github.com/users/l2succes/repos",
          "site_admin": false,
          "starred_url": "https://api.github.com/users/l2succes/starred{/owner}{/repo}",
          "subscriptions_url": "https://api.github.com/users/l2succes/subscriptions",
          "type": "User",
          "url": "https://api.github.com/users/l2succes",
        },
      },
      "installation": Object {
        "id": 23511,
      },
      "issue": Object {
        "assignee": Object {
          "avatar_url": "https://avatars3.githubusercontent.com/u/373860?v=3",
          "events_url": "https://api.github.com/users/mennenia/events{/privacy}",
          "followers_url": "https://api.github.com/users/mennenia/followers",
          "following_url": "https://api.github.com/users/mennenia/following{/other_user}",
          "gists_url": "https://api.github.com/users/mennenia/gists{/gist_id}",
          "gravatar_id": "",
          "html_url": "https://github.com/mennenia",
          "id": 373860,
          "login": "mennenia",
          "organizations_url": "https://api.github.com/users/mennenia/orgs",
          "received_events_url": "https://api.github.com/users/mennenia/received_events",
          "repos_url": "https://api.github.com/users/mennenia/repos",
          "site_admin": false,
          "starred_url": "https://api.github.com/users/mennenia/starred{/owner}{/repo}",
          "subscriptions_url": "https://api.github.com/users/mennenia/subscriptions",
          "type": "User",
          "url": "https://api.github.com/users/mennenia",
        },
        "assignees": Array [
          Object {
            "avatar_url": "https://avatars3.githubusercontent.com/u/373860?v=3",
            "events_url": "https://api.github.com/users/mennenia/events{/privacy}",
            "followers_url": "https://api.github.com/users/mennenia/followers",
            "following_url": "https://api.github.com/users/mennenia/following{/other_user}",
            "gists_url": "https://api.github.com/users/mennenia/gists{/gist_id}",
            "gravatar_id": "",
            "html_url": "https://github.com/mennenia",
            "id": 373860,
            "login": "mennenia",
            "organizations_url": "https://api.github.com/users/mennenia/orgs",
            "received_events_url": "https://api.github.com/users/mennenia/received_events",
            "repos_url": "https://api.github.com/users/mennenia/repos",
            "site_admin": false,
            "starred_url": "https://api.github.com/users/mennenia/starred{/owner}{/repo}",
            "subscriptions_url": "https://api.github.com/users/mennenia/subscriptions",
            "type": "User",
            "url": "https://api.github.com/users/mennenia",
          },
        ],
        "body": "This PR adds Pull to refresh support to the (Inbox) Active Bids + Messages view. It also fixes pagination.

Skip New Tests",
        "closed_at": null,
        "comments": 1,
        "comments_url": "https://api.github.com/repos/artsy/emission/issues/631/comments",
        "created_at": "2017-06-24T14:15:33Z",
        "events_url": "https://api.github.com/repos/artsy/emission/issues/631/events",
        "html_url": "https://github.com/artsy/emission/pull/631",
        "id": 238319730,
        "labels": Array [],
        "labels_url": "https://api.github.com/repos/artsy/emission/issues/631/labels{/name}",
        "locked": false,
        "milestone": null,
        "number": 631,
        "pull_request": Object {
          "diff_url": "https://github.com/artsy/emission/pull/631.diff",
          "html_url": "https://github.com/artsy/emission/pull/631",
          "patch_url": "https://github.com/artsy/emission/pull/631.patch",
          "url": "https://api.github.com/repos/artsy/emission/pulls/631",
        },
        "repository_url": "https://api.github.com/repos/artsy/emission",
        "state": "open",
        "title": "[MSG] Inbox pull to refresh & pagination",
        "updated_at": "2017-06-30T17:20:55Z",
        "url": "https://api.github.com/repos/artsy/emission/issues/631",
        "user": Object {
          "avatar_url": "https://avatars3.githubusercontent.com/u/296775?v=3",
          "events_url": "https://api.github.com/users/l2succes/events{/privacy}",
          "followers_url": "https://api.github.com/users/l2succes/followers",
          "following_url": "https://api.github.com/users/l2succes/following{/other_user}",
          "gists_url": "https://api.github.com/users/l2succes/gists{/gist_id}",
          "gravatar_id": "",
          "html_url": "https://github.com/l2succes",
          "id": 296775,
          "login": "l2succes",
          "organizations_url": "https://api.github.com/users/l2succes/orgs",
          "received_events_url": "https://api.github.com/users/l2succes/received_events",
          "repos_url": "https://api.github.com/users/l2succes/repos",
          "site_admin": false,
          "starred_url": "https://api.github.com/users/l2succes/starred{/owner}{/repo}",
          "subscriptions_url": "https://api.github.com/users/l2succes/subscriptions",
          "type": "User",
          "url": "https://api.github.com/users/l2succes",
        },
      },
      "organization": Object {
        "avatar_url": "https://avatars0.githubusercontent.com/u/546231?v=3",
        "description": "Artsy.net Team",
        "events_url": "https://api.github.com/orgs/artsy/events",
        "hooks_url": "https://api.github.com/orgs/artsy/hooks",
        "id": 546231,
        "issues_url": "https://api.github.com/orgs/artsy/issues",
        "login": "artsy",
        "members_url": "https://api.github.com/orgs/artsy/members{/member}",
        "public_members_url": "https://api.github.com/orgs/artsy/public_members{/member}",
        "repos_url": "https://api.github.com/orgs/artsy/repos",
        "url": "https://api.github.com/orgs/artsy",
      },
      "repository": Object {
        "archive_url": "https://api.github.com/repos/artsy/emission/{archive_format}{/ref}",
        "assignees_url": "https://api.github.com/repos/artsy/emission/assignees{/user}",
        "blobs_url": "https://api.github.com/repos/artsy/emission/git/blobs{/sha}",
        "branches_url": "https://api.github.com/repos/artsy/emission/branches{/branch}",
        "clone_url": "https://github.com/artsy/emission.git",
        "collaborators_url": "https://api.github.com/repos/artsy/emission/collaborators{/collaborator}",
        "comments_url": "https://api.github.com/repos/artsy/emission/comments{/number}",
        "commits_url": "https://api.github.com/repos/artsy/emission/commits{/sha}",
        "compare_url": "https://api.github.com/repos/artsy/emission/compare/{base}...{head}",
        "contents_url": "https://api.github.com/repos/artsy/emission/contents/{+path}",
        "contributors_url": "https://api.github.com/repos/artsy/emission/contributors",
        "created_at": "2016-02-24T11:36:24Z",
        "default_branch": "master",
        "deployments_url": "https://api.github.com/repos/artsy/emission/deployments",
        "description": "React Native Components",
        "downloads_url": "https://api.github.com/repos/artsy/emission/downloads",
        "events_url": "https://api.github.com/repos/artsy/emission/events",
        "fork": false,
        "forks": 25,
        "forks_count": 25,
        "forks_url": "https://api.github.com/repos/artsy/emission/forks",
        "full_name": "artsy/emission",
        "git_commits_url": "https://api.github.com/repos/artsy/emission/git/commits{/sha}",
        "git_refs_url": "https://api.github.com/repos/artsy/emission/git/refs{/sha}",
        "git_tags_url": "https://api.github.com/repos/artsy/emission/git/tags{/sha}",
        "git_url": "git://github.com/artsy/emission.git",
        "has_downloads": true,
        "has_issues": true,
        "has_pages": false,
        "has_projects": false,
        "has_wiki": false,
        "homepage": null,
        "hooks_url": "https://api.github.com/repos/artsy/emission/hooks",
        "html_url": "https://github.com/artsy/emission",
        "id": 52437732,
        "issue_comment_url": "https://api.github.com/repos/artsy/emission/issues/comments{/number}",
        "issue_events_url": "https://api.github.com/repos/artsy/emission/issues/events{/number}",
        "issues_url": "https://api.github.com/repos/artsy/emission/issues{/number}",
        "keys_url": "https://api.github.com/repos/artsy/emission/keys{/key_id}",
        "labels_url": "https://api.github.com/repos/artsy/emission/labels{/name}",
        "language": "TypeScript",
        "languages_url": "https://api.github.com/repos/artsy/emission/languages",
        "merges_url": "https://api.github.com/repos/artsy/emission/merges",
        "milestones_url": "https://api.github.com/repos/artsy/emission/milestones{/number}",
        "mirror_url": null,
        "name": "emission",
        "notifications_url": "https://api.github.com/repos/artsy/emission/notifications{?since,all,participating}",
        "open_issues": 70,
        "open_issues_count": 70,
        "owner": Object {
          "avatar_url": "https://avatars0.githubusercontent.com/u/546231?v=3",
          "events_url": "https://api.github.com/users/artsy/events{/privacy}",
          "followers_url": "https://api.github.com/users/artsy/followers",
          "following_url": "https://api.github.com/users/artsy/following{/other_user}",
          "gists_url": "https://api.github.com/users/artsy/gists{/gist_id}",
          "gravatar_id": "",
          "html_url": "https://github.com/artsy",
          "id": 546231,
          "login": "artsy",
          "organizations_url": "https://api.github.com/users/artsy/orgs",
          "received_events_url": "https://api.github.com/users/artsy/received_events",
          "repos_url": "https://api.github.com/users/artsy/repos",
          "site_admin": false,
          "starred_url": "https://api.github.com/users/artsy/starred{/owner}{/repo}",
          "subscriptions_url": "https://api.github.com/users/artsy/subscriptions",
          "type": "Organization",
          "url": "https://api.github.com/users/artsy",
        },
        "private": false,
        "pulls_url": "https://api.github.com/repos/artsy/emission/pulls{/number}",
        "pushed_at": "2017-06-30T17:20:18Z",
        "releases_url": "https://api.github.com/repos/artsy/emission/releases{/id}",
        "size": 10179,
        "ssh_url": "git@github.com:artsy/emission.git",
        "stargazers_count": 223,
        "stargazers_url": "https://api.github.com/repos/artsy/emission/stargazers",
        "statuses_url": "https://api.github.com/repos/artsy/emission/statuses/{sha}",
        "subscribers_url": "https://api.github.com/repos/artsy/emission/subscribers",
        "subscription_url": "https://api.github.com/repos/artsy/emission/subscription",
        "svn_url": "https://github.com/artsy/emission",
        "tags_url": "https://api.github.com/repos/artsy/emission/tags",
        "teams_url": "https://api.github.com/repos/artsy/emission/teams",
        "trees_url": "https://api.github.com/repos/artsy/emission/git/trees{/sha}",
        "updated_at": "2017-06-30T12:52:37Z",
        "url": "https://api.github.com/repos/artsy/emission",
        "watchers": 223,
        "watchers_count": 223,
      },
      "sender": Object {
        "avatar_url": "https://avatars3.githubusercontent.com/u/296775?v=3",
        "events_url": "https://api.github.com/users/l2succes/events{/privacy}",
        "followers_url": "https://api.github.com/users/l2succes/followers",
        "following_url": "https://api.github.com/users/l2succes/following{/other_user}",
        "gists_url": "https://api.github.com/users/l2succes/gists{/gist_id}",
        "gravatar_id": "",
        "html_url": "https://github.com/l2succes",
        "id": 296775,
        "login": "l2succes",
        "organizations_url": "https://api.github.com/users/l2succes/orgs",
        "received_events_url": "https://api.github.com/users/l2succes/received_events",
        "repos_url": "https://api.github.com/users/l2succes/repos",
        "site_admin": false,
        "starred_url": "https://api.github.com/users/l2succes/starred{/owner}{/repo}",
        "subscriptions_url": "https://api.github.com/users/l2succes/subscriptions",
        "type": "User",
        "url": "https://api.github.com/users/l2succes",
      },
    },
  },
  "perilSettings": Object {
    "envVars": Object {
      "hello": "world",
    },
    "event": "mockEvent",
    "perilAPIRoot": undefined,
    "perilJWT": "12345",
    "perilRunID": "[run-id]",
  },
}
`;
